(---------------------------------------------------------------------)
(                                                                     )
(    Allegro Netrev Import Logic                                      )
(                                                                     )
(    Drawing          : TC275_lowvol_V015.brd                         )
(    Software Version : 16.6P004                                      )
(    Date/Time        : Fri Jul 05 22:23:56 2019                      )
(                                                                     )
(---------------------------------------------------------------------)


------ Directives ------

RIPUP_ETCH FALSE;
RIPUP_DELETE_FIRST_SEGMENT FALSE;
RIPUP_RETAIN_BONDWIRE FALSE;
RIPUP_SYMBOLS ALWAYS;
Missing symbol has error FALSE;
SCHEMATIC_DIRECTORY 'C:/Users/MIAOPEAK/Desktop/0613_7/0622/allegro';
BOARD_DIRECTORY '';
OLD_BOARD_NAME 'C:/Users/CNK/Desktop/TC275program/TC275/Datasheet_LOWVOL11/sch/TC275_lowvol_V015.brd';
NEW_BOARD_NAME 'C:/Users/CNK/Desktop/TC275program/TC275/Datasheet_LOWVOL11/sch/TC275_lowvol_V015.brd';

CmdLine: netrev -$ -i C:/Users/MIAOPEAK/Desktop/0613_7/0622/allegro -y 1 C:/Users/CNK/Desktop/TC275program/TC275/Datasheet_LOWVOL11/sch/#Taaaaab17224.tmp

------ Preparing to read pst files ------


#1   ERROR(24) File not found
     Packager files not found

#2   ERROR(102) Run stopped because errors were detected

netrev run on Jul 5 22:23:56 2019

   COMPILE 'logic'
   CHECK_PIN_NAMES OFF
   CROSS_REFERENCE OFF
   FEEDBACK OFF
   INCREMENTAL OFF
   INTERFACE_TYPE PHYSICAL
   MAX_ERRORS 500
   MERGE_MINIMUM 5
   NET_NAME_CHARS '#%&()*+-./:=>?@[]^_`|'
   NET_NAME_LENGTH 24
   OVERSIGHTS ON
   REPLACE_CHECK OFF
   SINGLE_NODE_NETS ON
   SPLIT_MINIMUM 0
   SUPPRESS   20
   WARNINGS ON

  2 errors detected
 No oversight detected
 No warning detected

cpu time      0:01:37
elapsed time  0:00:00

