Component: ARM Compiler 5.06 update 1 (build 61) Tool: armlink [4d35a8]

==============================================================================

Section Cross References

    startup_stm32f10x_md.o(RESET) refers to startup_stm32f10x_md.o(STACK) for __initial_sp
    startup_stm32f10x_md.o(RESET) refers to startup_stm32f10x_md.o(.text) for Reset_Handler
    startup_stm32f10x_md.o(RESET) refers to stm32f10x_it.o(.text) for NMI_Handler
    startup_stm32f10x_md.o(RESET) refers to timer3_it.o(.text) for TIM3_IRQHandler
    startup_stm32f10x_md.o(RESET) refers to usart.o(.text) for USART1_IRQHandler
    startup_stm32f10x_md.o(.text) refers to system_stm32f10x.o(.text) for SystemInit
    startup_stm32f10x_md.o(.text) refers to entry.o(.ARM.Collect$$$$00000000) for __main
    main.o(.text) refers to misc.o(.text) for NVIC_PriorityGroupConfig
    main.o(.text) refers to usart.o(.text) for USART1_Config
    main.o(.text) refers to dac.o(.text) for DAC_configration
    main.o(.text) refers to timer3_it.o(.text) for Timer3_Init
    main.o(.text) refers to timer4 _encoder.o(.text) for Timer4_Init
    main.o(.text) refers to fmul.o(.text) for __aeabi_fmul
    main.o(.text) refers to ffixi.o(.text) for __aeabi_f2iz
    main.o(.text) refers to timer3_it.o(.data) for Elecspeed
    main.o(.text) refers to main.o(.data) for espd
    stm32f10x_adc.o(.text) refers to stm32f10x_rcc.o(.text) for RCC_APB2PeriphResetCmd
    stm32f10x_bkp.o(.text) refers to stm32f10x_rcc.o(.text) for RCC_BackupResetCmd
    stm32f10x_can.o(.text) refers to stm32f10x_rcc.o(.text) for RCC_APB1PeriphResetCmd
    stm32f10x_cec.o(.text) refers to stm32f10x_rcc.o(.text) for RCC_APB1PeriphResetCmd
    stm32f10x_dac.o(.text) refers to stm32f10x_rcc.o(.text) for RCC_APB1PeriphResetCmd
    stm32f10x_gpio.o(.text) refers to stm32f10x_rcc.o(.text) for RCC_APB2PeriphResetCmd
    stm32f10x_i2c.o(.text) refers to stm32f10x_rcc.o(.text) for RCC_APB1PeriphResetCmd
    stm32f10x_pwr.o(.text) refers to stm32f10x_rcc.o(.text) for RCC_APB1PeriphResetCmd
    stm32f10x_rcc.o(.text) refers to stm32f10x_rcc.o(.data) for APBAHBPrescTable
    stm32f10x_spi.o(.text) refers to stm32f10x_rcc.o(.text) for RCC_APB2PeriphResetCmd
    stm32f10x_tim.o(.text) refers to stm32f10x_rcc.o(.text) for RCC_APB2PeriphResetCmd
    stm32f10x_usart.o(.text) refers to stm32f10x_rcc.o(.text) for RCC_APB2PeriphResetCmd
    stm32f10x_wwdg.o(.text) refers to stm32f10x_rcc.o(.text) for RCC_APB1PeriphResetCmd
    system_stm32f10x.o(.text) refers to system_stm32f10x.o(.data) for SystemCoreClock
    usart.o(.text) refers to cfcmple.o(.text) for __aeabi_cfcmpeq
    usart.o(.text) refers to ffixui.o(.text) for __aeabi_f2uiz
    usart.o(.text) refers to stm32f10x_rcc.o(.text) for RCC_APB2PeriphClockCmd
    usart.o(.text) refers to stm32f10x_gpio.o(.text) for GPIO_Init
    usart.o(.text) refers to stm32f10x_usart.o(.text) for USART_Init
    usart.o(.text) refers to misc.o(.text) for NVIC_Init
    usart.o(.text) refers to fmul.o(.text) for __aeabi_fmul
    usart.o(.text) refers to ffixi.o(.text) for __aeabi_f2iz
    usart.o(.text) refers to ffltui.o(.text) for __aeabi_ui2f
    usart.o(.text) refers to usart.o(.bss) for buffer
    usart.o(.text) refers to usart.o(.data) for posref
    usart.o(.text) refers to timer3_it.o(.data) for angle_pu
    dac.o(.text) refers to stm32f10x_rcc.o(.text) for RCC_APB2PeriphClockCmd
    dac.o(.text) refers to stm32f10x_gpio.o(.text) for GPIO_Init
    dac.o(.text) refers to stm32f10x_dac.o(.text) for DAC_Init
    dac.o(.text) refers to stm32f10x_tim.o(.text) for TIM_TimeBaseInit
    dac.o(.text) refers to ffltui.o(.text) for __aeabi_ui2f
    dac.o(.text) refers to fdiv.o(.text) for __aeabi_fdiv
    dac.o(.text) refers to fmul.o(.text) for __aeabi_fmul
    dac.o(.text) refers to f2d.o(.text) for __aeabi_f2d
    dac.o(.text) refers to ddiv.o(.text) for __aeabi_ddiv
    dac.o(.text) refers to d2f.o(.text) for __aeabi_d2f
    dac.o(.text) refers to ffixui.o(.text) for __aeabi_f2uiz
    dac.o(.text) refers to fadd.o(.text) for __aeabi_frsub
    dac.o(.text) refers to dmul.o(.text) for __aeabi_dmul
    dac.o(.text) refers to dadd.o(.text) for __aeabi_dadd
    dac.o(.text) refers to cdrcmple.o(.text) for __aeabi_cdrcmple
    dac.o(.text) refers to cdcmple.o(.text) for __aeabi_cdcmple
    dac.o(.text) refers to dfixui.o(.text) for __aeabi_d2uiz
    dac.o(.text) refers to timer3_it.o(.data) for angle_pu
    dac.o(.text) refers to main.o(.data) for angle_gi
    timer3_it.o(.text) refers to stm32f10x_rcc.o(.text) for RCC_APB1PeriphClockCmd
    timer3_it.o(.text) refers to stm32f10x_tim.o(.text) for TIM_TimeBaseInit
    timer3_it.o(.text) refers to misc.o(.text) for NVIC_Init
    timer3_it.o(.text) refers to timer4 _encoder.o(.text) for TIM4_getCount
    timer3_it.o(.text) refers to fflti.o(.text) for __aeabi_i2f
    timer3_it.o(.text) refers to cfcmple.o(.text) for __aeabi_cfcmple
    timer3_it.o(.text) refers to fadd.o(.text) for __aeabi_fadd
    timer3_it.o(.text) refers to fdiv.o(.text) for __aeabi_fdiv
    timer3_it.o(.text) refers to ffixi.o(.text) for __aeabi_f2iz
    timer3_it.o(.text) refers to cfrcmple.o(.text) for __aeabi_cfrcmple
    timer3_it.o(.text) refers to fmul.o(.text) for __aeabi_fmul
    timer3_it.o(.text) refers to timer3_it.o(.data) for angle_pu
    timer4 _encoder.o(.text) refers to stm32f10x_rcc.o(.text) for RCC_APB1PeriphClockCmd
    timer4 _encoder.o(.text) refers to stm32f10x_gpio.o(.text) for GPIO_StructInit
    timer4 _encoder.o(.text) refers to stm32f10x_tim.o(.text) for TIM_DeInit
    timer4 _encoder.o(.text) refers to timer4 _encoder.o(.data) for Parameter
    entry.o(.ARM.Collect$$$$00000000) refers (Special) to entry10a.o(.ARM.Collect$$$$0000000D) for __rt_final_cpp
    entry.o(.ARM.Collect$$$$00000000) refers (Special) to entry11a.o(.ARM.Collect$$$$0000000F) for __rt_final_exit
    entry.o(.ARM.Collect$$$$00000000) refers (Special) to entry7b.o(.ARM.Collect$$$$00000008) for _main_clock
    entry.o(.ARM.Collect$$$$00000000) refers (Special) to entry8b.o(.ARM.Collect$$$$0000000A) for _main_cpp_init
    entry.o(.ARM.Collect$$$$00000000) refers (Special) to entry9a.o(.ARM.Collect$$$$0000000B) for _main_init
    entry.o(.ARM.Collect$$$$00000000) refers (Special) to entry5.o(.ARM.Collect$$$$00000004) for _main_scatterload
    entry.o(.ARM.Collect$$$$00000000) refers (Special) to entry2.o(.ARM.Collect$$$$00000001) for _main_stk
    fadd.o(.text) refers (Special) to iusefp.o(.text) for __I$use$fp
    fadd.o(.text) refers to fepilogue.o(.text) for _float_epilogue
    fmul.o(.text) refers (Special) to iusefp.o(.text) for __I$use$fp
    fdiv.o(.text) refers (Special) to iusefp.o(.text) for __I$use$fp
    fdiv.o(.text) refers to fepilogue.o(.text) for _float_round
    dadd.o(.text) refers (Special) to iusefp.o(.text) for __I$use$fp
    dadd.o(.text) refers to llshl.o(.text) for __aeabi_llsl
    dadd.o(.text) refers to llsshr.o(.text) for __aeabi_lasr
    dadd.o(.text) refers to depilogue.o(.text) for _double_epilogue
    dmul.o(.text) refers (Special) to iusefp.o(.text) for __I$use$fp
    dmul.o(.text) refers to depilogue.o(.text) for _double_epilogue
    ddiv.o(.text) refers (Special) to iusefp.o(.text) for __I$use$fp
    ddiv.o(.text) refers to depilogue.o(.text) for _double_round
    fflti.o(.text) refers (Special) to iusefp.o(.text) for __I$use$fp
    fflti.o(.text) refers to fepilogue.o(.text) for _float_epilogue
    ffltui.o(.text) refers (Special) to iusefp.o(.text) for __I$use$fp
    ffltui.o(.text) refers to fepilogue.o(.text) for _float_epilogue
    ffixi.o(.text) refers (Special) to iusefp.o(.text) for __I$use$fp
    ffixui.o(.text) refers (Special) to iusefp.o(.text) for __I$use$fp
    dfixui.o(.text) refers (Special) to iusefp.o(.text) for __I$use$fp
    dfixui.o(.text) refers to llushr.o(.text) for __aeabi_llsr
    f2d.o(.text) refers (Special) to iusefp.o(.text) for __I$use$fp
    cdcmple.o(.text) refers (Special) to iusefp.o(.text) for __I$use$fp
    cdrcmple.o(.text) refers (Special) to iusefp.o(.text) for __I$use$fp
    d2f.o(.text) refers (Special) to iusefp.o(.text) for __I$use$fp
    d2f.o(.text) refers to fepilogue.o(.text) for _float_round
    cfcmple.o(.text) refers (Special) to iusefp.o(.text) for __I$use$fp
    cfrcmple.o(.text) refers (Special) to iusefp.o(.text) for __I$use$fp
    entry2.o(.ARM.Collect$$$$00000001) refers to entry2.o(.ARM.Collect$$$$00002712) for __lit__00000000
    entry2.o(.ARM.Collect$$$$00002712) refers to startup_stm32f10x_md.o(STACK) for __initial_sp
    entry2.o(__vectab_stack_and_reset_area) refers to startup_stm32f10x_md.o(STACK) for __initial_sp
    entry2.o(__vectab_stack_and_reset_area) refers to entry.o(.ARM.Collect$$$$00000000) for __main
    entry5.o(.ARM.Collect$$$$00000004) refers to init.o(.text) for __scatterload
    entry9a.o(.ARM.Collect$$$$0000000B) refers to main.o(.text) for main
    entry9b.o(.ARM.Collect$$$$0000000C) refers to main.o(.text) for main
    depilogue.o(.text) refers to llshl.o(.text) for __aeabi_llsl
    depilogue.o(.text) refers to llushr.o(.text) for __aeabi_llsr
    init.o(.text) refers to entry5.o(.ARM.Collect$$$$00000004) for __main_after_scatterload


==============================================================================

Removing Unused input sections from the image.

    Removing startup_stm32f10x_md.o(HEAP), (512 bytes).
    Removing stm32f10x_adc.o(.text), (1102 bytes).
    Removing stm32f10x_bkp.o(.text), (196 bytes).
    Removing stm32f10x_can.o(.text), (2544 bytes).
    Removing stm32f10x_cec.o(.text), (288 bytes).
    Removing stm32f10x_crc.o(.text), (72 bytes).
    Removing stm32f10x_dbgmcu.o(.text), (48 bytes).
    Removing stm32f10x_dma.o(.text), (596 bytes).
    Removing stm32f10x_exti.o(.text), (284 bytes).
    Removing stm32f10x_flash.o(.text), (1468 bytes).
    Removing stm32f10x_fsmc.o(.text), (1548 bytes).
    Removing stm32f10x_i2c.o(.text), (1028 bytes).
    Removing stm32f10x_iwdg.o(.text), (64 bytes).
    Removing stm32f10x_pwr.o(.text), (204 bytes).
    Removing stm32f10x_rtc.o(.text), (328 bytes).
    Removing stm32f10x_sdio.o(.text), (468 bytes).
    Removing stm32f10x_spi.o(.text), (780 bytes).
    Removing stm32f10x_wwdg.o(.text), (136 bytes).
    Removing dac.o(.data), (16 bytes).

19 unused section(s) (total 11682 bytes) removed from the image.

==============================================================================

Image Symbol Table

    Local Symbols

    Symbol Name                              Value     Ov Type        Size  Object(Section)

    ../clib/microlib/init/entry.s            0x00000000   Number         0  entry.o ABSOLUTE
    ../clib/microlib/init/entry.s            0x00000000   Number         0  entry9b.o ABSOLUTE
    ../clib/microlib/init/entry.s            0x00000000   Number         0  entry10a.o ABSOLUTE
    ../clib/microlib/init/entry.s            0x00000000   Number         0  entry10b.o ABSOLUTE
    ../clib/microlib/init/entry.s            0x00000000   Number         0  entry11a.o ABSOLUTE
    ../clib/microlib/init/entry.s            0x00000000   Number         0  entry2.o ABSOLUTE
    ../clib/microlib/init/entry.s            0x00000000   Number         0  entry11b.o ABSOLUTE
    ../clib/microlib/init/entry.s            0x00000000   Number         0  entry7a.o ABSOLUTE
    ../clib/microlib/init/entry.s            0x00000000   Number         0  entry7b.o ABSOLUTE
    ../clib/microlib/init/entry.s            0x00000000   Number         0  entry8a.o ABSOLUTE
    ../clib/microlib/init/entry.s            0x00000000   Number         0  entry5.o ABSOLUTE
    ../clib/microlib/init/entry.s            0x00000000   Number         0  entry8b.o ABSOLUTE
    ../clib/microlib/init/entry.s            0x00000000   Number         0  entry9a.o ABSOLUTE
    ../clib/microlib/longlong.c              0x00000000   Number         0  llshl.o ABSOLUTE
    ../clib/microlib/longlong.c              0x00000000   Number         0  llushr.o ABSOLUTE
    ../clib/microlib/longlong.c              0x00000000   Number         0  llsshr.o ABSOLUTE
    ../clib/microlib/stubs.s                 0x00000000   Number         0  iusefp.o ABSOLUTE
    ../fplib/microlib/d2f.c                  0x00000000   Number         0  d2f.o ABSOLUTE
    ../fplib/microlib/f2d.c                  0x00000000   Number         0  f2d.o ABSOLUTE
    ../fplib/microlib/fpadd.c                0x00000000   Number         0  fadd.o ABSOLUTE
    ../fplib/microlib/fpadd.c                0x00000000   Number         0  dadd.o ABSOLUTE
    ../fplib/microlib/fpdiv.c                0x00000000   Number         0  ddiv.o ABSOLUTE
    ../fplib/microlib/fpdiv.c                0x00000000   Number         0  fdiv.o ABSOLUTE
    ../fplib/microlib/fpepilogue.c           0x00000000   Number         0  fepilogue.o ABSOLUTE
    ../fplib/microlib/fpepilogue.c           0x00000000   Number         0  depilogue.o ABSOLUTE
    ../fplib/microlib/fpfix.c                0x00000000   Number         0  dfixui.o ABSOLUTE
    ../fplib/microlib/fpfix.c                0x00000000   Number         0  ffixui.o ABSOLUTE
    ../fplib/microlib/fpfix.c                0x00000000   Number         0  ffixi.o ABSOLUTE
    ../fplib/microlib/fpflt.c                0x00000000   Number         0  ffltui.o ABSOLUTE
    ../fplib/microlib/fpflt.c                0x00000000   Number         0  fflti.o ABSOLUTE
    ../fplib/microlib/fpmul.c                0x00000000   Number         0  fmul.o ABSOLUTE
    ../fplib/microlib/fpmul.c                0x00000000   Number         0  dmul.o ABSOLUTE
    ..\..\BSP\DAC.c                          0x00000000   Number         0  dac.o ABSOLUTE
    ..\..\BSP\timer3_IT.c                    0x00000000   Number         0  timer3_it.o ABSOLUTE
    ..\..\BSP\timer4 _encoder.c              0x00000000   Number         0  timer4 _encoder.o ABSOLUTE
    ..\..\BSP\usart.c                        0x00000000   Number         0  usart.o ABSOLUTE
    ..\..\Libraries\CMSIS\CM3\DeviceSupport\ST\STM32F10x\startup\arm\startup_stm32f10x_md.s 0x00000000   Number         0  startup_stm32f10x_md.o ABSOLUTE
    ..\..\Libraries\CMSIS\CM3\DeviceSupport\ST\STM32F10x\system_stm32f10x.c 0x00000000   Number         0  system_stm32f10x.o ABSOLUTE
    ..\..\Libraries\STM32F10x_StdPeriph_Driver\src\misc.c 0x00000000   Number         0  misc.o ABSOLUTE
    ..\..\Libraries\STM32F10x_StdPeriph_Driver\src\stm32f10x_adc.c 0x00000000   Number         0  stm32f10x_adc.o ABSOLUTE
    ..\..\Libraries\STM32F10x_StdPeriph_Driver\src\stm32f10x_bkp.c 0x00000000   Number         0  stm32f10x_bkp.o ABSOLUTE
    ..\..\Libraries\STM32F10x_StdPeriph_Driver\src\stm32f10x_can.c 0x00000000   Number         0  stm32f10x_can.o ABSOLUTE
    ..\..\Libraries\STM32F10x_StdPeriph_Driver\src\stm32f10x_cec.c 0x00000000   Number         0  stm32f10x_cec.o ABSOLUTE
    ..\..\Libraries\STM32F10x_StdPeriph_Driver\src\stm32f10x_crc.c 0x00000000   Number         0  stm32f10x_crc.o ABSOLUTE
    ..\..\Libraries\STM32F10x_StdPeriph_Driver\src\stm32f10x_dac.c 0x00000000   Number         0  stm32f10x_dac.o ABSOLUTE
    ..\..\Libraries\STM32F10x_StdPeriph_Driver\src\stm32f10x_dbgmcu.c 0x00000000   Number         0  stm32f10x_dbgmcu.o ABSOLUTE
    ..\..\Libraries\STM32F10x_StdPeriph_Driver\src\stm32f10x_dma.c 0x00000000   Number         0  stm32f10x_dma.o ABSOLUTE
    ..\..\Libraries\STM32F10x_StdPeriph_Driver\src\stm32f10x_exti.c 0x00000000   Number         0  stm32f10x_exti.o ABSOLUTE
    ..\..\Libraries\STM32F10x_StdPeriph_Driver\src\stm32f10x_flash.c 0x00000000   Number         0  stm32f10x_flash.o ABSOLUTE
    ..\..\Libraries\STM32F10x_StdPeriph_Driver\src\stm32f10x_fsmc.c 0x00000000   Number         0  stm32f10x_fsmc.o ABSOLUTE
    ..\..\Libraries\STM32F10x_StdPeriph_Driver\src\stm32f10x_gpio.c 0x00000000   Number         0  stm32f10x_gpio.o ABSOLUTE
    ..\..\Libraries\STM32F10x_StdPeriph_Driver\src\stm32f10x_i2c.c 0x00000000   Number         0  stm32f10x_i2c.o ABSOLUTE
    ..\..\Libraries\STM32F10x_StdPeriph_Driver\src\stm32f10x_iwdg.c 0x00000000   Number         0  stm32f10x_iwdg.o ABSOLUTE
    ..\..\Libraries\STM32F10x_StdPeriph_Driver\src\stm32f10x_pwr.c 0x00000000   Number         0  stm32f10x_pwr.o ABSOLUTE
    ..\..\Libraries\STM32F10x_StdPeriph_Driver\src\stm32f10x_rcc.c 0x00000000   Number         0  stm32f10x_rcc.o ABSOLUTE
    ..\..\Libraries\STM32F10x_StdPeriph_Driver\src\stm32f10x_rtc.c 0x00000000   Number         0  stm32f10x_rtc.o ABSOLUTE
    ..\..\Libraries\STM32F10x_StdPeriph_Driver\src\stm32f10x_sdio.c 0x00000000   Number         0  stm32f10x_sdio.o ABSOLUTE
    ..\..\Libraries\STM32F10x_StdPeriph_Driver\src\stm32f10x_spi.c 0x00000000   Number         0  stm32f10x_spi.o ABSOLUTE
    ..\..\Libraries\STM32F10x_StdPeriph_Driver\src\stm32f10x_tim.c 0x00000000   Number         0  stm32f10x_tim.o ABSOLUTE
    ..\..\Libraries\STM32F10x_StdPeriph_Driver\src\stm32f10x_usart.c 0x00000000   Number         0  stm32f10x_usart.o ABSOLUTE
    ..\..\Libraries\STM32F10x_StdPeriph_Driver\src\stm32f10x_wwdg.c 0x00000000   Number         0  stm32f10x_wwdg.o ABSOLUTE
    ..\main.c                                0x00000000   Number         0  main.o ABSOLUTE
    ..\stm32f10x_it.c                        0x00000000   Number         0  stm32f10x_it.o ABSOLUTE
    cdcmple.s                                0x00000000   Number         0  cdcmple.o ABSOLUTE
    cdrcmple.s                               0x00000000   Number         0  cdrcmple.o ABSOLUTE
    cfcmple.s                                0x00000000   Number         0  cfcmple.o ABSOLUTE
    cfrcmple.s                               0x00000000   Number         0  cfrcmple.o ABSOLUTE
    dc.s                                     0x00000000   Number         0  dc.o ABSOLUTE
    handlers.s                               0x00000000   Number         0  handlers.o ABSOLUTE
    init.s                                   0x00000000   Number         0  init.o ABSOLUTE
    RESET                                    0x08000000   Section      236  startup_stm32f10x_md.o(RESET)
    .ARM.Collect$$$$00000000                 0x080000ec   Section        0  entry.o(.ARM.Collect$$$$00000000)
    .ARM.Collect$$$$00000001                 0x080000ec   Section        4  entry2.o(.ARM.Collect$$$$00000001)
    .ARM.Collect$$$$00000004                 0x080000f0   Section        4  entry5.o(.ARM.Collect$$$$00000004)
    .ARM.Collect$$$$00000008                 0x080000f4   Section        0  entry7b.o(.ARM.Collect$$$$00000008)
    .ARM.Collect$$$$0000000A                 0x080000f4   Section        0  entry8b.o(.ARM.Collect$$$$0000000A)
    .ARM.Collect$$$$0000000B                 0x080000f4   Section        8  entry9a.o(.ARM.Collect$$$$0000000B)
    .ARM.Collect$$$$0000000D                 0x080000fc   Section        0  entry10a.o(.ARM.Collect$$$$0000000D)
    .ARM.Collect$$$$0000000F                 0x080000fc   Section        0  entry11a.o(.ARM.Collect$$$$0000000F)
    .ARM.Collect$$$$00002712                 0x080000fc   Section        4  entry2.o(.ARM.Collect$$$$00002712)
    __lit__00000000                          0x080000fc   Data           4  entry2.o(.ARM.Collect$$$$00002712)
    .text                                    0x08000100   Section       36  startup_stm32f10x_md.o(.text)
    .text                                    0x08000124   Section        0  main.o(.text)
    .text                                    0x080001a8   Section        0  stm32f10x_it.o(.text)
    .text                                    0x080001c4   Section        0  misc.o(.text)
    .text                                    0x080002a0   Section        0  stm32f10x_dac.o(.text)
    .text                                    0x0800042c   Section        0  stm32f10x_gpio.o(.text)
    .text                                    0x08000788   Section        0  stm32f10x_rcc.o(.text)
    .text                                    0x08000b2c   Section        0  stm32f10x_tim.o(.text)
    TI4_Config                               0x08000fd3   Thumb Code   130  stm32f10x_tim.o(.text)
    TI3_Config                               0x08001067   Thumb Code   122  stm32f10x_tim.o(.text)
    TI2_Config                               0x080010fb   Thumb Code   130  stm32f10x_tim.o(.text)
    TI1_Config                               0x0800118f   Thumb Code   108  stm32f10x_tim.o(.text)
    .text                                    0x08001948   Section        0  stm32f10x_usart.o(.text)
    .text                                    0x08001d64   Section        0  system_stm32f10x.o(.text)
    SetSysClockTo72                          0x08001d65   Thumb Code   214  system_stm32f10x.o(.text)
    SetSysClock                              0x08001e3b   Thumb Code     8  system_stm32f10x.o(.text)
    .text                                    0x08001f44   Section        0  usart.o(.text)
    .text                                    0x080024dc   Section        0  dac.o(.text)
    .text                                    0x080026c4   Section        0  timer3_it.o(.text)
    .text                                    0x0800289c   Section        0  timer4 _encoder.o(.text)
    .text                                    0x08002958   Section        0  fadd.o(.text)
    .text                                    0x08002a08   Section        0  fmul.o(.text)
    .text                                    0x08002a6c   Section        0  fdiv.o(.text)
    .text                                    0x08002ae8   Section        0  dadd.o(.text)
    .text                                    0x08002c36   Section        0  dmul.o(.text)
    .text                                    0x08002d1a   Section        0  ddiv.o(.text)
    .text                                    0x08002df8   Section        0  fflti.o(.text)
    .text                                    0x08002e0a   Section        0  ffltui.o(.text)
    .text                                    0x08002e14   Section        0  ffixi.o(.text)
    .text                                    0x08002e46   Section        0  ffixui.o(.text)
    .text                                    0x08002e6e   Section        0  dfixui.o(.text)
    .text                                    0x08002ea0   Section        0  f2d.o(.text)
    .text                                    0x08002ec8   Section       48  cdcmple.o(.text)
    .text                                    0x08002ef8   Section       48  cdrcmple.o(.text)
    .text                                    0x08002f28   Section        0  d2f.o(.text)
    .text                                    0x08002f60   Section       20  cfcmple.o(.text)
    .text                                    0x08002f74   Section       20  cfrcmple.o(.text)
    .text                                    0x08002f88   Section        0  llshl.o(.text)
    .text                                    0x08002fa6   Section        0  llushr.o(.text)
    .text                                    0x08002fc6   Section        0  llsshr.o(.text)
    .text                                    0x08002fea   Section        0  iusefp.o(.text)
    .text                                    0x08002fea   Section        0  fepilogue.o(.text)
    .text                                    0x08003058   Section        0  depilogue.o(.text)
    .text                                    0x08003114   Section       36  init.o(.text)
    i.__scatterload_copy                     0x08003138   Section       14  handlers.o(i.__scatterload_copy)
    i.__scatterload_null                     0x08003146   Section        2  handlers.o(i.__scatterload_null)
    i.__scatterload_zeroinit                 0x08003148   Section       14  handlers.o(i.__scatterload_zeroinit)
    .data                                    0x20000000   Section       20  main.o(.data)
    .data                                    0x20000014   Section       20  stm32f10x_rcc.o(.data)
    APBAHBPrescTable                         0x20000014   Data          16  stm32f10x_rcc.o(.data)
    ADCPrescTable                            0x20000024   Data           4  stm32f10x_rcc.o(.data)
    .data                                    0x20000028   Section       20  system_stm32f10x.o(.data)
    .data                                    0x2000003c   Section        6  usart.o(.data)
    .data                                    0x20000044   Section       28  timer3_it.o(.data)
    .data                                    0x20000060   Section        4  timer4 _encoder.o(.data)
    .bss                                     0x20000064   Section     6476  usart.o(.bss)
    STACK                                    0x200019b0   Section     1024  startup_stm32f10x_md.o(STACK)

    Global Symbols

    Symbol Name                              Value     Ov Type        Size  Object(Section)

    BuildAttributes$$THM_ISAv4$P$D$K$B$S$PE$A:L22UL41UL21$X:L11$S22US41US21$IEEE1$IW$USESV6$~STKCKD$USESV7$~SHL$OTIME$ROPI$EBA8$MICROLIB$REQ8$PRES8$EABIv2 0x00000000   Number         0  anon$$obj.o ABSOLUTE
    __ARM_use_no_argv                        0x00000000   Number         0  main.o ABSOLUTE
    __cpp_initialize__aeabi_                  - Undefined Weak Reference
    __cxa_finalize                            - Undefined Weak Reference
    __decompress                              - Undefined Weak Reference
    _clock_init                               - Undefined Weak Reference
    _microlib_exit                            - Undefined Weak Reference
    __Vectors_Size                           0x000000ec   Number         0  startup_stm32f10x_md.o ABSOLUTE
    __Vectors                                0x08000000   Data           4  startup_stm32f10x_md.o(RESET)
    __Vectors_End                            0x080000ec   Data           0  startup_stm32f10x_md.o(RESET)
    __main                                   0x080000ed   Thumb Code     0  entry.o(.ARM.Collect$$$$00000000)
    _main_stk                                0x080000ed   Thumb Code     0  entry2.o(.ARM.Collect$$$$00000001)
    _main_scatterload                        0x080000f1   Thumb Code     0  entry5.o(.ARM.Collect$$$$00000004)
    __main_after_scatterload                 0x080000f5   Thumb Code     0  entry5.o(.ARM.Collect$$$$00000004)
    _main_clock                              0x080000f5   Thumb Code     0  entry7b.o(.ARM.Collect$$$$00000008)
    _main_cpp_init                           0x080000f5   Thumb Code     0  entry8b.o(.ARM.Collect$$$$0000000A)
    _main_init                               0x080000f5   Thumb Code     0  entry9a.o(.ARM.Collect$$$$0000000B)
    __rt_final_cpp                           0x080000fd   Thumb Code     0  entry10a.o(.ARM.Collect$$$$0000000D)
    __rt_final_exit                          0x080000fd   Thumb Code     0  entry11a.o(.ARM.Collect$$$$0000000F)
    Reset_Handler                            0x08000101   Thumb Code     8  startup_stm32f10x_md.o(.text)
    ADC1_2_IRQHandler                        0x0800011b   Thumb Code     0  startup_stm32f10x_md.o(.text)
    CAN1_RX1_IRQHandler                      0x0800011b   Thumb Code     0  startup_stm32f10x_md.o(.text)
    CAN1_SCE_IRQHandler                      0x0800011b   Thumb Code     0  startup_stm32f10x_md.o(.text)
    DMA1_Channel1_IRQHandler                 0x0800011b   Thumb Code     0  startup_stm32f10x_md.o(.text)
    DMA1_Channel2_IRQHandler                 0x0800011b   Thumb Code     0  startup_stm32f10x_md.o(.text)
    DMA1_Channel3_IRQHandler                 0x0800011b   Thumb Code     0  startup_stm32f10x_md.o(.text)
    DMA1_Channel4_IRQHandler                 0x0800011b   Thumb Code     0  startup_stm32f10x_md.o(.text)
    DMA1_Channel5_IRQHandler                 0x0800011b   Thumb Code     0  startup_stm32f10x_md.o(.text)
    DMA1_Channel6_IRQHandler                 0x0800011b   Thumb Code     0  startup_stm32f10x_md.o(.text)
    DMA1_Channel7_IRQHandler                 0x0800011b   Thumb Code     0  startup_stm32f10x_md.o(.text)
    EXTI0_IRQHandler                         0x0800011b   Thumb Code     0  startup_stm32f10x_md.o(.text)
    EXTI15_10_IRQHandler                     0x0800011b   Thumb Code     0  startup_stm32f10x_md.o(.text)
    EXTI1_IRQHandler                         0x0800011b   Thumb Code     0  startup_stm32f10x_md.o(.text)
    EXTI2_IRQHandler                         0x0800011b   Thumb Code     0  startup_stm32f10x_md.o(.text)
    EXTI3_IRQHandler                         0x0800011b   Thumb Code     0  startup_stm32f10x_md.o(.text)
    EXTI4_IRQHandler                         0x0800011b   Thumb Code     0  startup_stm32f10x_md.o(.text)
    EXTI9_5_IRQHandler                       0x0800011b   Thumb Code     0  startup_stm32f10x_md.o(.text)
    FLASH_IRQHandler                         0x0800011b   Thumb Code     0  startup_stm32f10x_md.o(.text)
    I2C1_ER_IRQHandler                       0x0800011b   Thumb Code     0  startup_stm32f10x_md.o(.text)
    I2C1_EV_IRQHandler                       0x0800011b   Thumb Code     0  startup_stm32f10x_md.o(.text)
    I2C2_ER_IRQHandler                       0x0800011b   Thumb Code     0  startup_stm32f10x_md.o(.text)
    I2C2_EV_IRQHandler                       0x0800011b   Thumb Code     0  startup_stm32f10x_md.o(.text)
    PVD_IRQHandler                           0x0800011b   Thumb Code     0  startup_stm32f10x_md.o(.text)
    RCC_IRQHandler                           0x0800011b   Thumb Code     0  startup_stm32f10x_md.o(.text)
    RTCAlarm_IRQHandler                      0x0800011b   Thumb Code     0  startup_stm32f10x_md.o(.text)
    RTC_IRQHandler                           0x0800011b   Thumb Code     0  startup_stm32f10x_md.o(.text)
    SPI1_IRQHandler                          0x0800011b   Thumb Code     0  startup_stm32f10x_md.o(.text)
    SPI2_IRQHandler                          0x0800011b   Thumb Code     0  startup_stm32f10x_md.o(.text)
    TAMPER_IRQHandler                        0x0800011b   Thumb Code     0  startup_stm32f10x_md.o(.text)
    TIM1_BRK_IRQHandler                      0x0800011b   Thumb Code     0  startup_stm32f10x_md.o(.text)
    TIM1_CC_IRQHandler                       0x0800011b   Thumb Code     0  startup_stm32f10x_md.o(.text)
    TIM1_TRG_COM_IRQHandler                  0x0800011b   Thumb Code     0  startup_stm32f10x_md.o(.text)
    TIM1_UP_IRQHandler                       0x0800011b   Thumb Code     0  startup_stm32f10x_md.o(.text)
    TIM2_IRQHandler                          0x0800011b   Thumb Code     0  startup_stm32f10x_md.o(.text)
    TIM4_IRQHandler                          0x0800011b   Thumb Code     0  startup_stm32f10x_md.o(.text)
    USART3_IRQHandler                        0x0800011b   Thumb Code     0  startup_stm32f10x_md.o(.text)
    USBWakeUp_IRQHandler                     0x0800011b   Thumb Code     0  startup_stm32f10x_md.o(.text)
    USB_HP_CAN1_TX_IRQHandler                0x0800011b   Thumb Code     0  startup_stm32f10x_md.o(.text)
    USB_LP_CAN1_RX0_IRQHandler               0x0800011b   Thumb Code     0  startup_stm32f10x_md.o(.text)
    WWDG_IRQHandler                          0x0800011b   Thumb Code     0  startup_stm32f10x_md.o(.text)
    main                                     0x08000125   Thumb Code   104  main.o(.text)
    NMI_Handler                              0x080001a9   Thumb Code     2  stm32f10x_it.o(.text)
    HardFault_Handler                        0x080001ab   Thumb Code     4  stm32f10x_it.o(.text)
    MemManage_Handler                        0x080001af   Thumb Code     4  stm32f10x_it.o(.text)
    BusFault_Handler                         0x080001b3   Thumb Code     4  stm32f10x_it.o(.text)
    UsageFault_Handler                       0x080001b7   Thumb Code     4  stm32f10x_it.o(.text)
    SVC_Handler                              0x080001bb   Thumb Code     2  stm32f10x_it.o(.text)
    DebugMon_Handler                         0x080001bd   Thumb Code     2  stm32f10x_it.o(.text)
    PendSV_Handler                           0x080001bf   Thumb Code     2  stm32f10x_it.o(.text)
    SysTick_Handler                          0x080001c1   Thumb Code     2  stm32f10x_it.o(.text)
    NVIC_PriorityGroupConfig                 0x080001c5   Thumb Code    10  misc.o(.text)
    NVIC_Init                                0x080001cf   Thumb Code   100  misc.o(.text)
    NVIC_SetVectorTable                      0x08000233   Thumb Code    14  misc.o(.text)
    NVIC_SystemLPConfig                      0x08000241   Thumb Code    34  misc.o(.text)
    SysTick_CLKSourceConfig                  0x08000263   Thumb Code    40  misc.o(.text)
    DAC_DeInit                               0x080002a1   Thumb Code    22  stm32f10x_dac.o(.text)
    DAC_Init                                 0x080002b7   Thumb Code    46  stm32f10x_dac.o(.text)
    DAC_StructInit                           0x080002e5   Thumb Code    12  stm32f10x_dac.o(.text)
    DAC_Cmd                                  0x080002f1   Thumb Code    34  stm32f10x_dac.o(.text)
    DAC_DMACmd                               0x08000313   Thumb Code    38  stm32f10x_dac.o(.text)
    DAC_SoftwareTriggerCmd                   0x08000339   Thumb Code    48  stm32f10x_dac.o(.text)
    DAC_DualSoftwareTriggerCmd               0x08000369   Thumb Code    38  stm32f10x_dac.o(.text)
    DAC_WaveGenerationCmd                    0x0800038f   Thumb Code    36  stm32f10x_dac.o(.text)
    DAC_SetChannel1Data                      0x080003b3   Thumb Code    26  stm32f10x_dac.o(.text)
    DAC_SetChannel2Data                      0x080003cd   Thumb Code    26  stm32f10x_dac.o(.text)
    DAC_SetDualChannelData                   0x080003e7   Thumb Code    32  stm32f10x_dac.o(.text)
    DAC_GetDataOutputValue                   0x08000407   Thumb Code    32  stm32f10x_dac.o(.text)
    GPIO_DeInit                              0x0800042d   Thumb Code   172  stm32f10x_gpio.o(.text)
    GPIO_AFIODeInit                          0x080004d9   Thumb Code    20  stm32f10x_gpio.o(.text)
    GPIO_Init                                0x080004ed   Thumb Code   278  stm32f10x_gpio.o(.text)
    GPIO_StructInit                          0x08000603   Thumb Code    16  stm32f10x_gpio.o(.text)
    GPIO_ReadInputDataBit                    0x08000613   Thumb Code    18  stm32f10x_gpio.o(.text)
    GPIO_ReadInputData                       0x08000625   Thumb Code     8  stm32f10x_gpio.o(.text)
    GPIO_ReadOutputDataBit                   0x0800062d   Thumb Code    18  stm32f10x_gpio.o(.text)
    GPIO_ReadOutputData                      0x0800063f   Thumb Code     8  stm32f10x_gpio.o(.text)
    GPIO_SetBits                             0x08000647   Thumb Code     4  stm32f10x_gpio.o(.text)
    GPIO_ResetBits                           0x0800064b   Thumb Code     4  stm32f10x_gpio.o(.text)
    GPIO_WriteBit                            0x0800064f   Thumb Code    10  stm32f10x_gpio.o(.text)
    GPIO_Write                               0x08000659   Thumb Code     4  stm32f10x_gpio.o(.text)
    GPIO_PinLockConfig                       0x0800065d   Thumb Code    18  stm32f10x_gpio.o(.text)
    GPIO_EventOutputConfig                   0x0800066f   Thumb Code    26  stm32f10x_gpio.o(.text)
    GPIO_EventOutputCmd                      0x08000689   Thumb Code     6  stm32f10x_gpio.o(.text)
    GPIO_PinRemapConfig                      0x0800068f   Thumb Code   138  stm32f10x_gpio.o(.text)
    GPIO_EXTILineConfig                      0x08000719   Thumb Code    66  stm32f10x_gpio.o(.text)
    GPIO_ETH_MediaInterfaceConfig            0x0800075b   Thumb Code     8  stm32f10x_gpio.o(.text)
    RCC_DeInit                               0x08000789   Thumb Code    64  stm32f10x_rcc.o(.text)
    RCC_HSEConfig                            0x080007c9   Thumb Code    70  stm32f10x_rcc.o(.text)
    RCC_GetFlagStatus                        0x0800080f   Thumb Code    56  stm32f10x_rcc.o(.text)
    RCC_WaitForHSEStartUp                    0x08000847   Thumb Code    56  stm32f10x_rcc.o(.text)
    RCC_AdjustHSICalibrationValue            0x0800087f   Thumb Code    20  stm32f10x_rcc.o(.text)
    RCC_HSICmd                               0x08000893   Thumb Code     6  stm32f10x_rcc.o(.text)
    RCC_PLLConfig                            0x08000899   Thumb Code    24  stm32f10x_rcc.o(.text)
    RCC_PLLCmd                               0x080008b1   Thumb Code     6  stm32f10x_rcc.o(.text)
    RCC_SYSCLKConfig                         0x080008b7   Thumb Code    18  stm32f10x_rcc.o(.text)
    RCC_GetSYSCLKSource                      0x080008c9   Thumb Code    10  stm32f10x_rcc.o(.text)
    RCC_HCLKConfig                           0x080008d3   Thumb Code    18  stm32f10x_rcc.o(.text)
    RCC_PCLK1Config                          0x080008e5   Thumb Code    18  stm32f10x_rcc.o(.text)
    RCC_PCLK2Config                          0x080008f7   Thumb Code    20  stm32f10x_rcc.o(.text)
    RCC_ITConfig                             0x0800090b   Thumb Code    26  stm32f10x_rcc.o(.text)
    RCC_USBCLKConfig                         0x08000925   Thumb Code     8  stm32f10x_rcc.o(.text)
    RCC_ADCCLKConfig                         0x0800092d   Thumb Code    18  stm32f10x_rcc.o(.text)
    RCC_LSEConfig                            0x0800093f   Thumb Code    50  stm32f10x_rcc.o(.text)
    RCC_LSICmd                               0x08000971   Thumb Code     6  stm32f10x_rcc.o(.text)
    RCC_RTCCLKConfig                         0x08000977   Thumb Code    12  stm32f10x_rcc.o(.text)
    RCC_RTCCLKCmd                            0x08000983   Thumb Code     8  stm32f10x_rcc.o(.text)
    RCC_GetClocksFreq                        0x0800098b   Thumb Code   192  stm32f10x_rcc.o(.text)
    RCC_AHBPeriphClockCmd                    0x08000a4b   Thumb Code    26  stm32f10x_rcc.o(.text)
    RCC_APB2PeriphClockCmd                   0x08000a65   Thumb Code    26  stm32f10x_rcc.o(.text)
    RCC_APB1PeriphClockCmd                   0x08000a7f   Thumb Code    26  stm32f10x_rcc.o(.text)
    RCC_APB2PeriphResetCmd                   0x08000a99   Thumb Code    26  stm32f10x_rcc.o(.text)
    RCC_APB1PeriphResetCmd                   0x08000ab3   Thumb Code    26  stm32f10x_rcc.o(.text)
    RCC_BackupResetCmd                       0x08000acd   Thumb Code     8  stm32f10x_rcc.o(.text)
    RCC_ClockSecuritySystemCmd               0x08000ad5   Thumb Code     6  stm32f10x_rcc.o(.text)
    RCC_MCOConfig                            0x08000adb   Thumb Code     6  stm32f10x_rcc.o(.text)
    RCC_ClearFlag                            0x08000ae1   Thumb Code    14  stm32f10x_rcc.o(.text)
    RCC_GetITStatus                          0x08000aef   Thumb Code    20  stm32f10x_rcc.o(.text)
    RCC_ClearITPendingBit                    0x08000b03   Thumb Code     6  stm32f10x_rcc.o(.text)
    TIM_DeInit                               0x08000b2d   Thumb Code   424  stm32f10x_tim.o(.text)
    TIM_TimeBaseInit                         0x08000cd5   Thumb Code   122  stm32f10x_tim.o(.text)
    TIM_OC1Init                              0x08000d4f   Thumb Code   132  stm32f10x_tim.o(.text)
    TIM_OC2Init                              0x08000dd3   Thumb Code   154  stm32f10x_tim.o(.text)
    TIM_OC3Init                              0x08000e6d   Thumb Code   150  stm32f10x_tim.o(.text)
    TIM_OC4Init                              0x08000f03   Thumb Code   182  stm32f10x_tim.o(.text)
    TIM_SetIC4Prescaler                      0x08000fb9   Thumb Code    26  stm32f10x_tim.o(.text)
    TIM_SetIC3Prescaler                      0x08001055   Thumb Code    18  stm32f10x_tim.o(.text)
    TIM_SetIC2Prescaler                      0x080010e1   Thumb Code    26  stm32f10x_tim.o(.text)
    TIM_SetIC1Prescaler                      0x0800117d   Thumb Code    18  stm32f10x_tim.o(.text)
    TIM_ICInit                               0x080011fb   Thumb Code   150  stm32f10x_tim.o(.text)
    TIM_PWMIConfig                           0x08001291   Thumb Code   124  stm32f10x_tim.o(.text)
    TIM_BDTRConfig                           0x0800130d   Thumb Code    32  stm32f10x_tim.o(.text)
    TIM_TimeBaseStructInit                   0x0800132d   Thumb Code    18  stm32f10x_tim.o(.text)
    TIM_OCStructInit                         0x0800133f   Thumb Code    20  stm32f10x_tim.o(.text)
    TIM_ICStructInit                         0x08001353   Thumb Code    18  stm32f10x_tim.o(.text)
    TIM_BDTRStructInit                       0x08001365   Thumb Code    40  stm32f10x_tim.o(.text)
    TIM_Cmd                                  0x0800138d   Thumb Code    24  stm32f10x_tim.o(.text)
    TIM_CtrlPWMOutputs                       0x080013a5   Thumb Code    30  stm32f10x_tim.o(.text)
    TIM_ITConfig                             0x080013c3   Thumb Code    18  stm32f10x_tim.o(.text)
    TIM_GenerateEvent                        0x080013d5   Thumb Code     4  stm32f10x_tim.o(.text)
    TIM_DMAConfig                            0x080013d9   Thumb Code    10  stm32f10x_tim.o(.text)
    TIM_DMACmd                               0x080013e3   Thumb Code    18  stm32f10x_tim.o(.text)
    TIM_InternalClockConfig                  0x080013f5   Thumb Code    12  stm32f10x_tim.o(.text)
    TIM_SelectInputTrigger                   0x08001401   Thumb Code    18  stm32f10x_tim.o(.text)
    TIM_ITRxExternalClockConfig              0x08001413   Thumb Code    24  stm32f10x_tim.o(.text)
    TIM_TIxExternalClockConfig               0x0800142b   Thumb Code    62  stm32f10x_tim.o(.text)
    TIM_ETRConfig                            0x08001469   Thumb Code    28  stm32f10x_tim.o(.text)
    TIM_ETRClockMode1Config                  0x08001485   Thumb Code    54  stm32f10x_tim.o(.text)
    TIM_ETRClockMode2Config                  0x080014bb   Thumb Code    32  stm32f10x_tim.o(.text)
    TIM_PrescalerConfig                      0x080014db   Thumb Code     6  stm32f10x_tim.o(.text)
    TIM_CounterModeConfig                    0x080014e1   Thumb Code    18  stm32f10x_tim.o(.text)
    TIM_EncoderInterfaceConfig               0x080014f3   Thumb Code    66  stm32f10x_tim.o(.text)
    TIM_ForcedOC1Config                      0x08001535   Thumb Code    18  stm32f10x_tim.o(.text)
    TIM_ForcedOC2Config                      0x08001547   Thumb Code    26  stm32f10x_tim.o(.text)
    TIM_ForcedOC3Config                      0x08001561   Thumb Code    18  stm32f10x_tim.o(.text)
    TIM_ForcedOC4Config                      0x08001573   Thumb Code    26  stm32f10x_tim.o(.text)
    TIM_ARRPreloadConfig                     0x0800158d   Thumb Code    24  stm32f10x_tim.o(.text)
    TIM_SelectCOM                            0x080015a5   Thumb Code    24  stm32f10x_tim.o(.text)
    TIM_SelectCCDMA                          0x080015bd   Thumb Code    24  stm32f10x_tim.o(.text)
    TIM_CCPreloadControl                     0x080015d5   Thumb Code    24  stm32f10x_tim.o(.text)
    TIM_OC1PreloadConfig                     0x080015ed   Thumb Code    18  stm32f10x_tim.o(.text)
    TIM_OC2PreloadConfig                     0x080015ff   Thumb Code    26  stm32f10x_tim.o(.text)
    TIM_OC3PreloadConfig                     0x08001619   Thumb Code    18  stm32f10x_tim.o(.text)
    TIM_OC4PreloadConfig                     0x0800162b   Thumb Code    26  stm32f10x_tim.o(.text)
    TIM_OC1FastConfig                        0x08001645   Thumb Code    18  stm32f10x_tim.o(.text)
    TIM_OC2FastConfig                        0x08001657   Thumb Code    26  stm32f10x_tim.o(.text)
    TIM_OC3FastConfig                        0x08001671   Thumb Code    18  stm32f10x_tim.o(.text)
    TIM_OC4FastConfig                        0x08001683   Thumb Code    26  stm32f10x_tim.o(.text)
    TIM_ClearOC1Ref                          0x0800169d   Thumb Code    18  stm32f10x_tim.o(.text)
    TIM_ClearOC2Ref                          0x080016af   Thumb Code    24  stm32f10x_tim.o(.text)
    TIM_ClearOC3Ref                          0x080016c7   Thumb Code    18  stm32f10x_tim.o(.text)
    TIM_ClearOC4Ref                          0x080016d9   Thumb Code    24  stm32f10x_tim.o(.text)
    TIM_OC1PolarityConfig                    0x080016f1   Thumb Code    18  stm32f10x_tim.o(.text)
    TIM_OC1NPolarityConfig                   0x08001703   Thumb Code    18  stm32f10x_tim.o(.text)
    TIM_OC2PolarityConfig                    0x08001715   Thumb Code    26  stm32f10x_tim.o(.text)
    TIM_OC2NPolarityConfig                   0x0800172f   Thumb Code    26  stm32f10x_tim.o(.text)
    TIM_OC3PolarityConfig                    0x08001749   Thumb Code    26  stm32f10x_tim.o(.text)
    TIM_OC3NPolarityConfig                   0x08001763   Thumb Code    26  stm32f10x_tim.o(.text)
    TIM_OC4PolarityConfig                    0x0800177d   Thumb Code    26  stm32f10x_tim.o(.text)
    TIM_CCxCmd                               0x08001797   Thumb Code    30  stm32f10x_tim.o(.text)
    TIM_CCxNCmd                              0x080017b5   Thumb Code    30  stm32f10x_tim.o(.text)
    TIM_SelectOCxM                           0x080017d3   Thumb Code    82  stm32f10x_tim.o(.text)
    TIM_UpdateDisableConfig                  0x08001825   Thumb Code    24  stm32f10x_tim.o(.text)
    TIM_UpdateRequestConfig                  0x0800183d   Thumb Code    24  stm32f10x_tim.o(.text)
    TIM_SelectHallSensor                     0x08001855   Thumb Code    24  stm32f10x_tim.o(.text)
    TIM_SelectOnePulseMode                   0x0800186d   Thumb Code    18  stm32f10x_tim.o(.text)
    TIM_SelectOutputTrigger                  0x0800187f   Thumb Code    18  stm32f10x_tim.o(.text)
    TIM_SelectSlaveMode                      0x08001891   Thumb Code    18  stm32f10x_tim.o(.text)
    TIM_SelectMasterSlaveMode                0x080018a3   Thumb Code    18  stm32f10x_tim.o(.text)
    TIM_SetCounter                           0x080018b5   Thumb Code     4  stm32f10x_tim.o(.text)
    TIM_SetAutoreload                        0x080018b9   Thumb Code     4  stm32f10x_tim.o(.text)
    TIM_SetCompare1                          0x080018bd   Thumb Code     4  stm32f10x_tim.o(.text)
    TIM_SetCompare2                          0x080018c1   Thumb Code     4  stm32f10x_tim.o(.text)
    TIM_SetCompare3                          0x080018c5   Thumb Code     4  stm32f10x_tim.o(.text)
    TIM_SetCompare4                          0x080018c9   Thumb Code     6  stm32f10x_tim.o(.text)
    TIM_SetClockDivision                     0x080018cf   Thumb Code    18  stm32f10x_tim.o(.text)
    TIM_GetCapture1                          0x080018e1   Thumb Code     6  stm32f10x_tim.o(.text)
    TIM_GetCapture2                          0x080018e7   Thumb Code     6  stm32f10x_tim.o(.text)
    TIM_GetCapture3                          0x080018ed   Thumb Code     6  stm32f10x_tim.o(.text)
    TIM_GetCapture4                          0x080018f3   Thumb Code     8  stm32f10x_tim.o(.text)
    TIM_GetCounter                           0x080018fb   Thumb Code     6  stm32f10x_tim.o(.text)
    TIM_GetPrescaler                         0x08001901   Thumb Code     6  stm32f10x_tim.o(.text)
    TIM_GetFlagStatus                        0x08001907   Thumb Code    18  stm32f10x_tim.o(.text)
    TIM_ClearFlag                            0x08001919   Thumb Code     6  stm32f10x_tim.o(.text)
    TIM_GetITStatus                          0x0800191f   Thumb Code    34  stm32f10x_tim.o(.text)
    TIM_ClearITPendingBit                    0x08001941   Thumb Code     6  stm32f10x_tim.o(.text)
    USART_DeInit                             0x08001949   Thumb Code   134  stm32f10x_usart.o(.text)
    USART_Init                               0x080019cf   Thumb Code   210  stm32f10x_usart.o(.text)
    USART_StructInit                         0x08001aa1   Thumb Code    24  stm32f10x_usart.o(.text)
    USART_ClockInit                          0x08001ab9   Thumb Code    34  stm32f10x_usart.o(.text)
    USART_ClockStructInit                    0x08001adb   Thumb Code    12  stm32f10x_usart.o(.text)
    USART_Cmd                                0x08001ae7   Thumb Code    24  stm32f10x_usart.o(.text)
    USART_ITConfig                           0x08001aff   Thumb Code    74  stm32f10x_usart.o(.text)
    USART_DMACmd                             0x08001b49   Thumb Code    18  stm32f10x_usart.o(.text)
    USART_SetAddress                         0x08001b5b   Thumb Code    18  stm32f10x_usart.o(.text)
    USART_WakeUpConfig                       0x08001b6d   Thumb Code    18  stm32f10x_usart.o(.text)
    USART_ReceiverWakeUpCmd                  0x08001b7f   Thumb Code    24  stm32f10x_usart.o(.text)
    USART_LINBreakDetectLengthConfig         0x08001b97   Thumb Code    18  stm32f10x_usart.o(.text)
    USART_LINCmd                             0x08001ba9   Thumb Code    24  stm32f10x_usart.o(.text)
    USART_GetFlagStatus                      0x08001bc1   Thumb Code    26  stm32f10x_usart.o(.text)
    USART_SendData                           0x08001bdb   Thumb Code    28  stm32f10x_usart.o(.text)
    USART_ReceiveData                        0x08001bf7   Thumb Code    10  stm32f10x_usart.o(.text)
    USART_SendBreak                          0x08001c01   Thumb Code    10  stm32f10x_usart.o(.text)
    USART_SetGuardTime                       0x08001c0b   Thumb Code    16  stm32f10x_usart.o(.text)
    USART_SetPrescaler                       0x08001c1b   Thumb Code    16  stm32f10x_usart.o(.text)
    USART_SmartCardCmd                       0x08001c2b   Thumb Code    24  stm32f10x_usart.o(.text)
    USART_SmartCardNACKCmd                   0x08001c43   Thumb Code    24  stm32f10x_usart.o(.text)
    USART_HalfDuplexCmd                      0x08001c5b   Thumb Code    24  stm32f10x_usart.o(.text)
    USART_OverSampling8Cmd                   0x08001c73   Thumb Code    22  stm32f10x_usart.o(.text)
    USART_OneBitMethodCmd                    0x08001c89   Thumb Code    24  stm32f10x_usart.o(.text)
    USART_IrDAConfig                         0x08001ca1   Thumb Code    18  stm32f10x_usart.o(.text)
    USART_IrDACmd                            0x08001cb3   Thumb Code    24  stm32f10x_usart.o(.text)
    USART_ClearFlag                          0x08001ccb   Thumb Code    18  stm32f10x_usart.o(.text)
    USART_GetITStatus                        0x08001cdd   Thumb Code   104  stm32f10x_usart.o(.text)
    USART_ClearITPendingBit                  0x08001d45   Thumb Code    30  stm32f10x_usart.o(.text)
    SystemInit                               0x08001e43   Thumb Code    78  system_stm32f10x.o(.text)
    SystemCoreClockUpdate                    0x08001e91   Thumb Code   142  system_stm32f10x.o(.text)
    delay_ms                                 0x08001f45   Thumb Code    56  usart.o(.text)
    RingBuf_Write                            0x08001f7d   Thumb Code    64  usart.o(.text)
    RingBuf_Write_A                          0x08001fbd   Thumb Code   152  usart.o(.text)
    RingBuf_Read                             0x08002055   Thumb Code    54  usart.o(.text)
    RingBuf_Read_A                           0x0800208b   Thumb Code    54  usart.o(.text)
    USART1_Config                            0x080020c1   Thumb Code   162  usart.o(.text)
    myUSART_Sendbyte                         0x08002163   Thumb Code    28  usart.o(.text)
    crc_cal_value                            0x0800217f   Thumb Code    58  usart.o(.text)
    send_pos                                 0x080021b9   Thumb Code   136  usart.o(.text)
    USART1_IRQHandler                        0x08002241   Thumb Code   218  usart.o(.text)
    myUSART_Sendarr                          0x0800231b   Thumb Code    34  usart.o(.text)
    USART1_SEND_02                           0x0800233d   Thumb Code    80  usart.o(.text)
    USART2_Config                            0x0800238d   Thumb Code   162  usart.o(.text)
    USART2_IRQHandler                        0x0800242f   Thumb Code    90  usart.o(.text)
    USART2_SEND                              0x08002489   Thumb Code    30  usart.o(.text)
    fputc                                    0x080024a7   Thumb Code    32  usart.o(.text)
    DAC_configration                         0x080024dd   Thumb Code   138  dac.o(.text)
    TIM6_Configuration                       0x08002567   Thumb Code    62  dac.o(.text)
    Dac1_Set_Vol                             0x080025a5   Thumb Code    80  dac.o(.text)
    PIfunction                               0x080025f5   Thumb Code   170  dac.o(.text)
    Timer3_Init                              0x080026c5   Thumb Code    92  timer3_it.o(.text)
    TIM3_IRQHandler                          0x08002721   Thumb Code   346  timer3_it.o(.text)
    Timer4_Init                              0x0800289d   Thumb Code   154  timer4 _encoder.o(.text)
    TIM4_getCount                            0x08002937   Thumb Code    16  timer4 _encoder.o(.text)
    __aeabi_fadd                             0x08002959   Thumb Code   164  fadd.o(.text)
    __aeabi_fsub                             0x080029fd   Thumb Code     6  fadd.o(.text)
    __aeabi_frsub                            0x08002a03   Thumb Code     6  fadd.o(.text)
    __aeabi_fmul                             0x08002a09   Thumb Code   100  fmul.o(.text)
    __aeabi_fdiv                             0x08002a6d   Thumb Code   124  fdiv.o(.text)
    __aeabi_dadd                             0x08002ae9   Thumb Code   322  dadd.o(.text)
    __aeabi_dsub                             0x08002c2b   Thumb Code     6  dadd.o(.text)
    __aeabi_drsub                            0x08002c31   Thumb Code     6  dadd.o(.text)
    __aeabi_dmul                             0x08002c37   Thumb Code   228  dmul.o(.text)
    __aeabi_ddiv                             0x08002d1b   Thumb Code   222  ddiv.o(.text)
    __aeabi_i2f                              0x08002df9   Thumb Code    18  fflti.o(.text)
    __aeabi_ui2f                             0x08002e0b   Thumb Code    10  ffltui.o(.text)
    __aeabi_f2iz                             0x08002e15   Thumb Code    50  ffixi.o(.text)
    __aeabi_f2uiz                            0x08002e47   Thumb Code    40  ffixui.o(.text)
    __aeabi_d2uiz                            0x08002e6f   Thumb Code    50  dfixui.o(.text)
    __aeabi_f2d                              0x08002ea1   Thumb Code    38  f2d.o(.text)
    __aeabi_cdcmpeq                          0x08002ec9   Thumb Code     0  cdcmple.o(.text)
    __aeabi_cdcmple                          0x08002ec9   Thumb Code    48  cdcmple.o(.text)
    __aeabi_cdrcmple                         0x08002ef9   Thumb Code    48  cdrcmple.o(.text)
    __aeabi_d2f                              0x08002f29   Thumb Code    56  d2f.o(.text)
    __aeabi_cfcmpeq                          0x08002f61   Thumb Code     0  cfcmple.o(.text)
    __aeabi_cfcmple                          0x08002f61   Thumb Code    20  cfcmple.o(.text)
    __aeabi_cfrcmple                         0x08002f75   Thumb Code    20  cfrcmple.o(.text)
    __aeabi_llsl                             0x08002f89   Thumb Code    30  llshl.o(.text)
    _ll_shift_l                              0x08002f89   Thumb Code     0  llshl.o(.text)
    __aeabi_llsr                             0x08002fa7   Thumb Code    32  llushr.o(.text)
    _ll_ushift_r                             0x08002fa7   Thumb Code     0  llushr.o(.text)
    __aeabi_lasr                             0x08002fc7   Thumb Code    36  llsshr.o(.text)
    _ll_sshift_r                             0x08002fc7   Thumb Code     0  llsshr.o(.text)
    __I$use$fp                               0x08002feb   Thumb Code     0  iusefp.o(.text)
    _float_round                             0x08002feb   Thumb Code    18  fepilogue.o(.text)
    _float_epilogue                          0x08002ffd   Thumb Code    92  fepilogue.o(.text)
    _double_round                            0x08003059   Thumb Code    30  depilogue.o(.text)
    _double_epilogue                         0x08003077   Thumb Code   156  depilogue.o(.text)
    __scatterload                            0x08003115   Thumb Code    28  init.o(.text)
    __scatterload_rt2                        0x08003115   Thumb Code     0  init.o(.text)
    __scatterload_copy                       0x08003139   Thumb Code    14  handlers.o(i.__scatterload_copy)
    __scatterload_null                       0x08003147   Thumb Code     2  handlers.o(i.__scatterload_null)
    __scatterload_zeroinit                   0x08003149   Thumb Code    14  handlers.o(i.__scatterload_zeroinit)
    Region$$Table$$Base                      0x08003158   Number         0  anon$$obj.o(Region$$Table)
    Region$$Table$$Limit                     0x08003178   Number         0  anon$$obj.o(Region$$Table)
    espd                                     0x20000000   Data           4  main.o(.data)
    angle                                    0x20000004   Data           4  main.o(.data)
    oldangle                                 0x20000008   Data           4  main.o(.data)
    angle_gi                                 0x2000000c   Data           4  main.o(.data)
    i                                        0x20000010   Data           4  main.o(.data)
    SystemCoreClock                          0x20000028   Data           4  system_stm32f10x.o(.data)
    AHBPrescTable                            0x2000002c   Data          16  system_stm32f10x.o(.data)
    usart1Len                                0x2000003c   Data           1  usart.o(.data)
    usart2Len                                0x2000003d   Data           1  usart.o(.data)
    posref                                   0x2000003e   Data           2  usart.o(.data)
    speedvalue                               0x20000040   Data           2  usart.o(.data)
    PRR                                      0x20000044   Data           2  timer3_it.o(.data)
    Elecspeed                                0x20000048   Data           4  timer3_it.o(.data)
    Old_bias                                 0x2000004c   Data           2  timer3_it.o(.data)
    temp                                     0x20000050   Data           4  timer3_it.o(.data)
    Old_angle_pu                             0x20000054   Data           4  timer3_it.o(.data)
    angle_pu                                 0x20000058   Data           4  timer3_it.o(.data)
    ElecThetaChagTimeRatio                   0x2000005c   Data           4  timer3_it.o(.data)
    Parameter                                0x20000060   Data           2  timer4 _encoder.o(.data)
    Count                                    0x20000062   Data           2  timer4 _encoder.o(.data)
    usart1Buf                                0x20000064   Data          30  usart.o(.bss)
    usart2Buf                                0x20000082   Data          30  usart.o(.bss)
    buffer                                   0x200000a0   Data        3208  usart.o(.bss)
    buffer_A                                 0x20000d28   Data        3208  usart.o(.bss)
    __initial_sp                             0x20001db0   Data           0  startup_stm32f10x_md.o(STACK)



==============================================================================

Memory Map of the image

  Image Entry point : 0x080000ed

  Load Region LR_IROM1 (Base: 0x08000000, Size: 0x000031dc, Max: 0x00040000, ABSOLUTE)

    Execution Region ER_IROM1 (Base: 0x08000000, Size: 0x00003178, Max: 0x00040000, ABSOLUTE)

    Base Addr    Size         Type   Attr      Idx    E Section Name        Object

    0x08000000   0x000000ec   Data   RO            3    RESET               startup_stm32f10x_md.o
    0x080000ec   0x00000000   Code   RO          528  * .ARM.Collect$$$$00000000  mc_w.l(entry.o)
    0x080000ec   0x00000004   Code   RO          565    .ARM.Collect$$$$00000001  mc_w.l(entry2.o)
    0x080000f0   0x00000004   Code   RO          568    .ARM.Collect$$$$00000004  mc_w.l(entry5.o)
    0x080000f4   0x00000000   Code   RO          570    .ARM.Collect$$$$00000008  mc_w.l(entry7b.o)
    0x080000f4   0x00000000   Code   RO          572    .ARM.Collect$$$$0000000A  mc_w.l(entry8b.o)
    0x080000f4   0x00000008   Code   RO          573    .ARM.Collect$$$$0000000B  mc_w.l(entry9a.o)
    0x080000fc   0x00000000   Code   RO          575    .ARM.Collect$$$$0000000D  mc_w.l(entry10a.o)
    0x080000fc   0x00000000   Code   RO          577    .ARM.Collect$$$$0000000F  mc_w.l(entry11a.o)
    0x080000fc   0x00000004   Code   RO          566    .ARM.Collect$$$$00002712  mc_w.l(entry2.o)
    0x08000100   0x00000024   Code   RO            4    .text               startup_stm32f10x_md.o
    0x08000124   0x00000084   Code   RO           10    .text               main.o
    0x080001a8   0x0000001a   Code   RO          126    .text               stm32f10x_it.o
    0x080001c2   0x00000002   PAD
    0x080001c4   0x000000dc   Code   RO          141    .text               misc.o
    0x080002a0   0x0000018c   Code   RO          216    .text               stm32f10x_dac.o
    0x0800042c   0x0000035c   Code   RO          288    .text               stm32f10x_gpio.o
    0x08000788   0x000003a4   Code   RO          336    .text               stm32f10x_rcc.o
    0x08000b2c   0x00000e1a   Code   RO          386    .text               stm32f10x_tim.o
    0x08001946   0x00000002   PAD
    0x08001948   0x0000041a   Code   RO          398    .text               stm32f10x_usart.o
    0x08001d62   0x00000002   PAD
    0x08001d64   0x000001e0   Code   RO          422    .text               system_stm32f10x.o
    0x08001f44   0x00000598   Code   RO          459    .text               usart.o
    0x080024dc   0x000001e8   Code   RO          479    .text               dac.o
    0x080026c4   0x000001d8   Code   RO          495    .text               timer3_it.o
    0x0800289c   0x000000bc   Code   RO          513    .text               timer4 _encoder.o
    0x08002958   0x000000b0   Code   RO          531    .text               mf_w.l(fadd.o)
    0x08002a08   0x00000064   Code   RO          533    .text               mf_w.l(fmul.o)
    0x08002a6c   0x0000007c   Code   RO          535    .text               mf_w.l(fdiv.o)
    0x08002ae8   0x0000014e   Code   RO          537    .text               mf_w.l(dadd.o)
    0x08002c36   0x000000e4   Code   RO          539    .text               mf_w.l(dmul.o)
    0x08002d1a   0x000000de   Code   RO          541    .text               mf_w.l(ddiv.o)
    0x08002df8   0x00000012   Code   RO          543    .text               mf_w.l(fflti.o)
    0x08002e0a   0x0000000a   Code   RO          545    .text               mf_w.l(ffltui.o)
    0x08002e14   0x00000032   Code   RO          547    .text               mf_w.l(ffixi.o)
    0x08002e46   0x00000028   Code   RO          549    .text               mf_w.l(ffixui.o)
    0x08002e6e   0x00000032   Code   RO          551    .text               mf_w.l(dfixui.o)
    0x08002ea0   0x00000026   Code   RO          553    .text               mf_w.l(f2d.o)
    0x08002ec6   0x00000002   PAD
    0x08002ec8   0x00000030   Code   RO          555    .text               mf_w.l(cdcmple.o)
    0x08002ef8   0x00000030   Code   RO          557    .text               mf_w.l(cdrcmple.o)
    0x08002f28   0x00000038   Code   RO          559    .text               mf_w.l(d2f.o)
    0x08002f60   0x00000014   Code   RO          561    .text               mf_w.l(cfcmple.o)
    0x08002f74   0x00000014   Code   RO          563    .text               mf_w.l(cfrcmple.o)
    0x08002f88   0x0000001e   Code   RO          579    .text               mc_w.l(llshl.o)
    0x08002fa6   0x00000020   Code   RO          581    .text               mc_w.l(llushr.o)
    0x08002fc6   0x00000024   Code   RO          583    .text               mc_w.l(llsshr.o)
    0x08002fea   0x00000000   Code   RO          585    .text               mc_w.l(iusefp.o)
    0x08002fea   0x0000006e   Code   RO          586    .text               mf_w.l(fepilogue.o)
    0x08003058   0x000000ba   Code   RO          588    .text               mf_w.l(depilogue.o)
    0x08003112   0x00000002   PAD
    0x08003114   0x00000024   Code   RO          590    .text               mc_w.l(init.o)
    0x08003138   0x0000000e   Code   RO          594    i.__scatterload_copy  mc_w.l(handlers.o)
    0x08003146   0x00000002   Code   RO          595    i.__scatterload_null  mc_w.l(handlers.o)
    0x08003148   0x0000000e   Code   RO          596    i.__scatterload_zeroinit  mc_w.l(handlers.o)
    0x08003156   0x00000002   PAD
    0x08003158   0x00000020   Data   RO          592    Region$$Table       anon$$obj.o


    Execution Region RW_IRAM1 (Base: 0x20000000, Size: 0x00001db0, Max: 0x0000c000, ABSOLUTE)

    Base Addr    Size         Type   Attr      Idx    E Section Name        Object

    0x20000000   0x00000014   Data   RW           11    .data               main.o
    0x20000014   0x00000014   Data   RW          337    .data               stm32f10x_rcc.o
    0x20000028   0x00000014   Data   RW          423    .data               system_stm32f10x.o
    0x2000003c   0x00000006   Data   RW          461    .data               usart.o
    0x20000042   0x00000002   PAD
    0x20000044   0x0000001c   Data   RW          496    .data               timer3_it.o
    0x20000060   0x00000004   Data   RW          514    .data               timer4 _encoder.o
    0x20000064   0x0000194c   Zero   RW          460    .bss                usart.o
    0x200019b0   0x00000400   Zero   RW            1    STACK               startup_stm32f10x_md.o


==============================================================================

Image component sizes


      Code (inc. data)   RO Data    RW Data    ZI Data      Debug   Object Name

       488         38          0          0          0       1370   dac.o
       132         28          0         20          0     260308   main.o
       220         22          0          0          0       1937   misc.o
        36          8        236          0       1024        948   startup_stm32f10x_md.o
       396          6          0          0          0       3802   stm32f10x_dac.o
       860         38          0          0          0       5873   stm32f10x_gpio.o
        26          0          0          0          0       1206   stm32f10x_it.o
       932         36          0         20          0       9088   stm32f10x_rcc.o
      3610         88          0          0          0      22980   stm32f10x_tim.o
      1050         20          0          0          0       8656   stm32f10x_usart.o
       480         38          0         20          0       2079   system_stm32f10x.o
       472         34          0         28          0       1217   timer3_it.o
       188         18          0          4          0       1130   timer4 _encoder.o
      1432         72          0          6       6476       5477   usart.o

    ----------------------------------------------------------------------
     10328        446        268        100       7500     326071   Object Totals
         0          0         32          0          0          0   (incl. Generated)
         6          0          0          2          0          0   (incl. Padding)

    ----------------------------------------------------------------------

      Code (inc. data)   RO Data    RW Data    ZI Data      Debug   Library Member Name

         0          0          0          0          0          0   entry.o
         0          0          0          0          0          0   entry10a.o
         0          0          0          0          0          0   entry11a.o
         8          4          0          0          0          0   entry2.o
         4          0          0          0          0          0   entry5.o
         0          0          0          0          0          0   entry7b.o
         0          0          0          0          0          0   entry8b.o
         8          4          0          0          0          0   entry9a.o
        30          0          0          0          0          0   handlers.o
        36          8          0          0          0         68   init.o
         0          0          0          0          0          0   iusefp.o
        30          0          0          0          0         68   llshl.o
        36          0          0          0          0         68   llsshr.o
        32          0          0          0          0         68   llushr.o
        48          0          0          0          0         68   cdcmple.o
        48          0          0          0          0         68   cdrcmple.o
        20          0          0          0          0         68   cfcmple.o
        20          0          0          0          0         68   cfrcmple.o
        56          0          0          0          0         88   d2f.o
       334          0          0          0          0        148   dadd.o
       222          0          0          0          0        100   ddiv.o
       186          0          0          0          0        176   depilogue.o
        50          0          0          0          0         76   dfixui.o
       228          0          0          0          0         96   dmul.o
        38          0          0          0          0         68   f2d.o
       176          0          0          0          0        140   fadd.o
       124          0          0          0          0         88   fdiv.o
       110          0          0          0          0        168   fepilogue.o
        50          0          0          0          0         68   ffixi.o
        40          0          0          0          0         68   ffixui.o
        18          0          0          0          0         68   fflti.o
        10          0          0          0          0         68   ffltui.o
       100          0          0          0          0         76   fmul.o

    ----------------------------------------------------------------------
      2068         16          0          0          0       2040   Library Totals
         6          0          0          0          0          0   (incl. Padding)

    ----------------------------------------------------------------------

      Code (inc. data)   RO Data    RW Data    ZI Data      Debug   Library Name

       184         16          0          0          0        272   mc_w.l
      1878          0          0          0          0       1768   mf_w.l

    ----------------------------------------------------------------------
      2068         16          0          0          0       2040   Library Totals

    ----------------------------------------------------------------------

==============================================================================


      Code (inc. data)   RO Data    RW Data    ZI Data      Debug   

     12396        462        268        100       7500     326027   Grand Totals
     12396        462        268        100       7500     326027   ELF Image Totals
     12396        462        268        100          0          0   ROM Totals

==============================================================================

    Total RO  Size (Code + RO Data)                12664 (  12.37kB)
    Total RW  Size (RW Data + ZI Data)              7600 (   7.42kB)
    Total ROM Size (Code + RO Data + RW Data)      12764 (  12.46kB)

==============================================================================

